// Jest Snapshot v1, https://goo.gl/fbAQLP

exports[`LocationInput render properly 1`] = `
<input
  autocomplete="off"
  class="StyledTextInput-sc-1x30a0s-0 kgYyVh"
  data-testid="LOCATION.INPUT"
  readonly=""
  value="Test Value"
/>
`;
